---
source: tui/src/chatwidget/tests/popups_and_settings.rs
assertion_line: 3193
expression: popup
---
  Select Model and Effort
  Display names map to stable model tags; routing stays behind the tag.

› 1. Research Max (current)  tag: research-max · Routed by OpenCodex

  Enter select · i add/edit · d retire · Esc close
