---
source: tui/src/chatwidget/tests/popups_and_settings.rs
assertion_line: 3205
expression: popup
---
  Select Model and Effort
  Display names map to stable model tags; routing stays behind the tag.

› 1. Research Max (current)  tag: research-max · Routed by RichCodex

  Enter select · p providers · i add · e targets · d retire · Esc close
