---
source: tui/src/chatwidget/tests/popups_and_settings.rs
assertion_line: 3455
expression: popup
---
  Alibaba Primary
  alibaba · opaque account handle

› 1. Rename account  Change the label without changing credentials or model targets
  2. Reauthenticate  Replace credentials without changing model targets
  3. Remove account  Preview every affected model target first

  Press enter to confirm or esc to go back
