---
source: tui/src/chatwidget/tests/popups_and_settings.rs
assertion_line: 3168
expression: popup
---
  Select Model and Effort
  Display names map to stable model tags; routing stays behind the tag.

› 1. test-visible-model (current)  test-visible-model description

  Enter select · i add/edit · d retire · Esc close
