---
source: tui/src/chatwidget/tests/popups_and_settings.rs
assertion_line: 3342
expression: provider_popup
---
  Provider accounts
  Select an account to manage it; credentials stay in the bundled backend.

› 1. Secondary Codex        OpenAI OAuth · ready
  2. Add provider account… (i)  OpenAI sign-in, API key, or compatible provider

  enter manage  i add account  esc back
