---
source: tui/src/chatwidget/tests/popups_and_settings.rs
assertion_line: 3619
expression: popup
---
  Sign in with OpenAI
  Open this URL:
  https://auth.openai.com/codex/device
  Device code: ABCD-EFGH
  RichCodex is waiting in the background.

› 1. Copy device code  ABCD-EFGH  Copy the exact code; works when terminal word selection splits at the dash
  2. Open verification page       Launch the highlighted URL in your browser
  3. Cancel login                 Stop this authorization attempt

  Press enter to confirm or esc to go back
